################################################################################
#                                                                              #
#      IAR Universal Linker V6.4.6.89                                          #
#                                                                              #
#           Link time     =  30/May/2020  11:15:57                             #
#           Target CPU    =  MSP430                                            #
#           List file     =  F:\爽\实验一有图\Debug\List\project1_disp.map     #
#           Output file 1 =  F:\爽\实验一有图\Debug\Exe\project1_disp.d43      #
#                            Format: ubrof10                                   #
#                            UBROF version 10.0.6                              #
#                            Using library modules for C-SPY (-rt)             #
#           Command line  =  -f                                                #
#                            C:\Users\ADMINI~1\AppData\Local\Temp\EWB268.tmp   #
#                            (F:\爽\实验一有图\Debug\Obj\IIC.r43               #
#                            F:\爽\实验一有图\Debug\Obj\key.r43                #
#                            F:\爽\实验一有图\Debug\Obj\main.r43 -o            #
#                            F:\爽\实验一有图\Debug\Exe\project1_disp.d43 -l   #
#                            F:\爽\实验一有图\Debug\List\project1_disp.map     #
#                            -xms                                              #
#                            "-IC:\Program Files (x86)\IAR Systems\Embedded Wo #
#                            rkbench 8.0\430\LIB\"                             #
#                            -f                                                #
#                            "C:\Program Files (x86)\IAR Systems\Embedded Work #
#                            bench 8.0\430\config\linker\lnk430f5529.xcl"      #
#                            (-cmsp430 -D?CPU30_OFFSET=2 -QCODE_I=CODE_ID      #
#                            -QTLS16_I=TLS16_ID -D__iar_HWMUL=4C0              #
#                            -Z(CONST)INFO=1800-19FF                           #
#                            -Z(CONST)INFOA=1980-19FF                          #
#                            -Z(CONST)INFOB=1900-197F                          #
#                            -Z(CONST)INFOC=1880-18FF                          #
#                            -Z(CONST)INFOD=1800-187F                          #
#                            -Z(DATA)USBRAM=1C00-23FF                          #
#                            -Z(DATA)DATA16_I,DATA16_Z,DATA16_N,TLS16_I=2400-4 #
#                            3FF                                               #
#                            -Z(DATA)DATA16_HEAP+_DATA16_HEAP_SIZE             #
#                            -Z(DATA)CODE_I                                    #
#                            -Z(DATA)DATA20_I,DATA20_Z,DATA20_N,DATA20_HEAP+_D #
#                            ATA20_HEAP_SIZE                                   #
#                            -Z(DATA)CSTACK+_STACK_SIZE#                       #
#                            -Z(CONST)DATA16_C,DATA16_ID,TLS16_ID,DIFUNCT,CHEC #
#                            KSUM=4400-FF7F                                    #
#                            -Z(CODE)CSTART,ISR_CODE,CODE16=4400-FF7F          #
#                            -P(CODE)CODE=4400-FF7F,10000-243FF                #
#                            -Z(CONST)DATA20_C,DATA20_ID,CODE_ID=4400-FF7F,100 #
#                            40-243FF                                          #
#                            -Z(CODE)INTVEC=FF80-FFFF                          #
#                            -Z(CODE)RESET=FFFE-FFFF) -f                       #
#                            "C:\Program Files (x86)\IAR Systems\Embedded Work #
#                            bench 8.0\430\config\linker\multiplier32.xcl"     #
#                            (-e?Mul8Hw=?Mul8 -e?Mul16Hw=?Mul16                #
#                            -e?Mul16to32uHw=?Mul16to32u                       #
#                            -e?Mul16to32sHw=?Mul16to32s -e?Mul32Hw32=?Mul32   #
#                            -e?Mul64Hw32=_Mul64i                              #
#                            -e?Mul32u32uto64iHw32=_Mul32u32uto64i             #
#                            -e?Mul32fHw32=_Mul32f                             #
#                            -e_Mul64fHw32Ptr=_Mul64fPtr) -D_STACK_SIZE=A0     #
#                            -rt                                               #
#                            "C:\Program Files (x86)\IAR Systems\Embedded Work #
#                            bench 8.0\430\lib\dlib\dl430xlsfn.r43"            #
#                            -D_DATA16_HEAP_SIZE=A0 -s __program_start         #
#                            -D_DATA20_HEAP_SIZE=50)                           #
#                                                                              #
#                           Copyright (C) 1987-2016 IAR Systems AB.            #
################################################################################





                ****************************************
                *                                      *
                *           CROSS REFERENCE            *
                *                                      *
                ****************************************

       Program entry at :           C148  Relocatable, from module : ?cstart




                ****************************************
                *                                      *
                *            RUNTIME MODEL             *
                *                                      *
                ****************************************

  __Heap_Handler             = Basic
  __SystemLibrary            = DLib
  __code_model               = large
  __core                     = 430X
  __data_model               = small
  __dlib_file_descriptor     = 0
  __dlib_full_locale_support = 0
  __double_size              = 32
  __pic                      = no
  __reg_r4                   = free
  __reg_r5                   = free
  __rt_version               = 3

                ****************************************
                *                                      *
                *    AUTOMATIC SYMBOL REDIRECTIONS     *
                *                                      *
                ****************************************

                  There are no automatic symbol redirections.



                ****************************************
                *                                      *
                *              MODULE MAP              *
                *                                      *
                ****************************************


  DEFINED ABSOLUTE ENTRIES
    *************************************************************************

  DEFINED ABSOLUTE ENTRIES
  PROGRAM MODULE, NAME : ?ABS_ENTRY_MOD

Absolute parts
           ENTRY                   ADDRESS         REF BY
           =====                   =======         ======
           _DATA20_HEAP_SIZE       0050 
           _DATA16_HEAP_SIZE       00A0 
           _STACK_SIZE             00A0 
           __iar_HWMUL             04C0            LCD_ShowNum (IIC)
                                                   oled_pow (IIC)
           ?CPU30_OFFSET           0002 
    *************************************************************************

  FILE NAME : F:\爽\实验一有图\Debug\Obj\IIC.r43
  PROGRAM MODULE, NAME : IIC

  SEGMENTS IN THE MODULE
  ======================
DATA16_AN
  Relative segment, address: 0242 - 0243 (0x2 bytes), align: 0
  Segment part 1. ROOT        Intra module refs:   IIC_start
                                                   IIC_stop
                                                   IIC_writebyte
           ENTRY                   ADDRESS         REF BY
           =====                   =======         ======
           _A_PCOUT_L              0242 
           LOCAL                   ADDRESS         
           =====                   =======         
           PCOUT                   0242 
           PCOUT_H                 0243 
           PCOUT_L                 0242 
    -------------------------------------------------------------------------
DATA16_AN
  Relative segment, address: 0244 - 0245 (0x2 bytes), align: 0
  Segment part 2. ROOT        Intra module refs:   IIC_ioinit
           ENTRY                   ADDRESS         REF BY
           =====                   =======         ======
           _A_PCDIR_L              0244 
           LOCAL                   ADDRESS         
           =====                   =======         
           PCDIR                   0244 
           PCDIR_H                 0245 
           PCDIR_L                 0244 
    -------------------------------------------------------------------------
DATA16_AN
  Relative segment, address: 0246 - 0247 (0x2 bytes), align: 0
  Segment part 3. ROOT        Intra module refs:   IIC_ioinit
           ENTRY                   ADDRESS         REF BY
           =====                   =======         ======
           _A_PCREN_L              0246 
           LOCAL                   ADDRESS         
           =====                   =======         
           PCREN                   0246 
           PCREN_H                 0247 
           PCREN_L                 0246 
    -------------------------------------------------------------------------
DATA16_C
  Relative segment, address: 4400 - 4627 (0x228 bytes), align: 0
  Segment part 5.             Intra module refs:   LCD_ShowChar
           ENTRY                   ADDRESS         REF BY
           =====                   =======         ======
           F6x8                    4400 
    -------------------------------------------------------------------------
DATA16_C
  Relative segment, address: 4628 - 4C17 (0x5f0 bytes), align: 0
  Segment part 6.             Intra module refs:   LCD_ShowChar
           ENTRY                   ADDRESS         REF BY
           =====                   =======         ======
           F8X16                   4628 
    -------------------------------------------------------------------------
<CODE> 1 (was CODE)
  Relative segment, address: C720 - C72D (0xe bytes), align: 1
  Segment part 11.            Intra module refs:   LCD_Init
           ENTRY                   ADDRESS         REF BY
           =====                   =======         ======
           IIC_ioinit              C720 
    -------------------------------------------------------------------------
<CODE> 1 (was CODE)
  Relative segment, address: C6C0 - C6D5 (0x16 bytes), align: 1
  Segment part 12.            Intra module refs:   IIC_writecmd
                                                   IIC_writedata
           ENTRY                   ADDRESS         REF BY
           =====                   =======         ======
           IIC_start               C6C0 
    -------------------------------------------------------------------------
<CODE> 1 (was CODE)
  Relative segment, address: C6D6 - C6EB (0x16 bytes), align: 1
  Segment part 13.            Intra module refs:   IIC_writecmd
                                                   IIC_writedata
           ENTRY                   ADDRESS         REF BY
           =====                   =======         ======
           IIC_stop                C6D6 
    -------------------------------------------------------------------------
<CODE> 1 (was CODE)
  Relative segment, address: C5B0 - C5E5 (0x36 bytes), align: 1
  Segment part 14.            Intra module refs:   IIC_writecmd
                                                   IIC_writedata
           ENTRY                   ADDRESS         REF BY
           =====                   =======         ======
           IIC_writebyte           C5B0 
    -------------------------------------------------------------------------
<CODE> 1 (was CODE)
  Relative segment, address: C686 - C6A3 (0x1e bytes), align: 1
  Segment part 15.            Intra module refs:   LCD_CLS
                                                   LCD_Init
                                                   LCD_Set_Pos
           ENTRY                   ADDRESS         REF BY
           =====                   =======         ======
           IIC_writecmd            C686 
               calls direct
    -------------------------------------------------------------------------
<CODE> 1 (was CODE)
  Relative segment, address: C666 - C685 (0x20 bytes), align: 1
  Segment part 16.            Intra module refs:   LCD_CLS
                                                   LCD_ShowChar
           ENTRY                   ADDRESS         REF BY
           =====                   =======         ======
           IIC_writedata           C666            LCD_Show_name (main)
                                                   LCD_Show_title (main)
                                                   LCD_Show_xh (main)
               calls direct
    -------------------------------------------------------------------------
<CODE> 1 (was CODE)
  Relative segment, address: C616 - C641 (0x2c bytes), align: 1
  Segment part 18.            Intra module refs:   LCD_Init
                                                   LCD_ShowChar
           ENTRY                   ADDRESS         REF BY
           =====                   =======         ======
           LCD_Set_Pos             C616            LCD_Show_name (main)
                                                   LCD_Show_title (main)
                                                   LCD_Show_xh (main)
                                                   main (main)
               calls direct
    -------------------------------------------------------------------------
<CODE> 1 (was CODE)
  Relative segment, address: C576 - C5AF (0x3a bytes), align: 1
  Segment part 20.            Intra module refs:   LCD_Init
           ENTRY                   ADDRESS         REF BY
           =====                   =======         ======
           LCD_CLS                 C576            main (main)
               calls direct
    -------------------------------------------------------------------------
<CODE> 1 (was CODE)
  Relative segment, address: C160 - C23D (0xde bytes), align: 1
  Segment part 21.
           ENTRY                   ADDRESS         REF BY
           =====                   =======         ======
           LCD_Init                C160            main (main)
               calls direct
    -------------------------------------------------------------------------
<CODE> 1 (was CODE)
  Relative segment, address: C2DC - C36D (0x92 bytes), align: 1
  Segment part 22.            Intra module refs:   LCD_ShowNum
           ENTRY                   ADDRESS         REF BY
           =====                   =======         ======
           LCD_ShowChar            C2DC 
               calls direct
    -------------------------------------------------------------------------
<CODE> 1 (was CODE)
  Relative segment, address: C53C - C575 (0x3a bytes), align: 1
  Segment part 24.            Intra module refs:   LCD_ShowNum
           ENTRY                   ADDRESS         REF BY
           =====                   =======         ======
           oled_pow                C53C 
    -------------------------------------------------------------------------
<CODE> 1 (was CODE)
  Relative segment, address: C36E - C3F3 (0x86 bytes), align: 1
  Segment part 25.
           ENTRY                   ADDRESS         REF BY
           =====                   =======         ======
           LCD_ShowNum             C36E            main (main)
               calls direct

    *************************************************************************

  FILE NAME : F:\爽\实验一有图\Debug\Obj\key.r43
  PROGRAM MODULE, NAME : key

  SEGMENTS IN THE MODULE
  ======================
DATA16_AN
  Relative segment, address: 0200 - 0201 (0x2 bytes), align: 0
  Segment part 1. ROOT        Intra module refs:   KeyScan
           ENTRY                   ADDRESS         REF BY
           =====                   =======         ======
           _A_PAIN_L               0200 
           LOCAL                   ADDRESS         
           =====                   =======         
           PAIN                    0200 
           PAIN_H                  0201 
           PAIN_L                  0200 
    -------------------------------------------------------------------------
DATA16_Z
  Relative segment, address: 2402 - 2402 (0x1 bytes), align: 0
  Segment part 3.             Intra module refs:   KeyScan
           LOCAL                   ADDRESS         
           =====                   =======         
           key_value               2402 
    -------------------------------------------------------------------------
DATA16_Z
  Relative segment, address: 2400 - 2401 (0x2 bytes), align: 1
  Segment part 4.             Intra module refs:   KeyScan
           LOCAL                   ADDRESS         
           =====                   =======         
           key_down_flag           2400 
    -------------------------------------------------------------------------
<CODE> 1 (was CODE)
  Relative segment, address: C4F2 - C53B (0x4a bytes), align: 1
  Segment part 5.
           ENTRY                   ADDRESS         REF BY
           =====                   =======         ======
           KeyScan                 C4F2            main (main)

    *************************************************************************

  FILE NAME : F:\爽\实验一有图\Debug\Obj\main.r43
  PROGRAM MODULE, NAME : main

  SEGMENTS IN THE MODULE
  ======================
DATA16_AN
  Relative segment, address: 0202 - 0203 (0x2 bytes), align: 0
  Segment part 1. ROOT        Intra module refs:   IOInit
           ENTRY                   ADDRESS         REF BY
           =====                   =======         ======
           _A_PAOUT_L              0202 
           LOCAL                   ADDRESS         
           =====                   =======         
           PAOUT                   0202 
           PAOUT_H                 0203 
           PAOUT_L                 0202 
    -------------------------------------------------------------------------
DATA16_AN
  Relative segment, address: 0204 - 0205 (0x2 bytes), align: 0
  Segment part 2. ROOT        Intra module refs:   IOInit
           ENTRY                   ADDRESS         REF BY
           =====                   =======         ======
           _A_PADIR_L              0204 
           LOCAL                   ADDRESS         
           =====                   =======         
           PADIR                   0204 
           PADIR_H                 0205 
           PADIR_L                 0204 
    -------------------------------------------------------------------------
DATA16_AN
  Relative segment, address: 0206 - 0207 (0x2 bytes), align: 0
  Segment part 3. ROOT        Intra module refs:   IOInit
           ENTRY                   ADDRESS         REF BY
           =====                   =======         ======
           _A_PAREN_L              0206 
           LOCAL                   ADDRESS         
           =====                   =======         
           PAREN                   0206 
           PAREN_H                 0207 
           PAREN_L                 0206 
    -------------------------------------------------------------------------
DATA16_AN
  Relative segment, address: 0224 - 0225 (0x2 bytes), align: 0
  Segment part 4. ROOT        Intra module refs:   IOInit
           ENTRY                   ADDRESS         REF BY
           =====                   =======         ======
           _A_PBDIR_L              0224 
           LOCAL                   ADDRESS         
           =====                   =======         
           PBDIR                   0224 
           PBDIR_H                 0225 
           PBDIR_L                 0224 
    -------------------------------------------------------------------------
DATA16_AN
  Relative segment, address: 015C - 015D (0x2 bytes), align: 0
  Segment part 5. ROOT        Intra module refs:   main
           ENTRY                   ADDRESS         REF BY
           =====                   =======         ======
           _A_WDTCTL_L             015C 
           LOCAL                   ADDRESS         
           =====                   =======         
           WDTCTL                  015C 
           WDTCTL_H                015D 
           WDTCTL_L                015C 
    -------------------------------------------------------------------------
<CODE> 1 (was CODE)
  Relative segment, address: C4A0 - C4F1 (0x52 bytes), align: 1
  Segment part 10.            Intra module refs:   main
           ENTRY                   ADDRESS         REF BY
           =====                   =======         ======
           LCD_Show_xh             C4A0 
               calls direct
    -------------------------------------------------------------------------
<CODE> 1 (was CODE)
  Relative segment, address: C3F4 - C449 (0x56 bytes), align: 1
  Segment part 11.            Intra module refs:   main
           ENTRY                   ADDRESS         REF BY
           =====                   =======         ======
           LCD_Show_title          C3F4 
               calls direct
    -------------------------------------------------------------------------
<CODE> 1 (was CODE)
  Relative segment, address: C44A - C49F (0x56 bytes), align: 1
  Segment part 12.            Intra module refs:   main
           ENTRY                   ADDRESS         REF BY
           =====                   =======         ======
           LCD_Show_name           C44A 
               calls direct
    -------------------------------------------------------------------------
<CODE> 1 (was CODE)
  Relative segment, address: C642 - C665 (0x24 bytes), align: 1
  Segment part 13.            Intra module refs:   main
           ENTRY                   ADDRESS         REF BY
           =====                   =======         ======
           IOInit                  C642 
    -------------------------------------------------------------------------
<CODE> 1 (was CODE)
  Relative segment, address: C23E - C2DB (0x9e bytes), align: 1
  Segment part 14.
           ENTRY                   ADDRESS         REF BY
           =====                   =======         ======
           main                    C23E            Segment part 26 (?cstart)
               calls direct
    -------------------------------------------------------------------------
DATA16_C
  Relative segment, address: 4C18 - 7327 (0x2710 bytes), align: 0
  Segment part 7.             Intra module refs:   LCD_Show_xh
    -------------------------------------------------------------------------
DATA16_C
  Relative segment, address: 7328 - 9A37 (0x2710 bytes), align: 0
  Segment part 8.             Intra module refs:   LCD_Show_title
    -------------------------------------------------------------------------
DATA16_C
  Relative segment, address: 9A38 - C147 (0x2710 bytes), align: 0
  Segment part 9.             Intra module refs:   LCD_Show_name

    *************************************************************************

  FILE NAME : C:\Program Files (x86)\IAR Systems\Embedded Workbench 8.0\430\lib\dlib\dl430xlsfn.r43
  LIBRARY MODULE, NAME : ?__dbg_break

  SEGMENTS IN THE MODULE
  ======================
<CODE> 1 (was CODE)
  Relative segment, address: C736 - C737 (0x2 bytes), align: 1
  Segment part 2.
           ENTRY                   ADDRESS         REF BY
           =====                   =======         ======
           __DebugBreak            C736            __exit (?__exit)

    -------------------------------------------------------------------------
  LIBRARY MODULE, NAME : ?__exit

  SEGMENTS IN THE MODULE
  ======================
<CODE> 1 (was CODE)
  Relative segment, address: C6EC - C6FF (0x14 bytes), align: 1
  Segment part 2.
           ENTRY                   ADDRESS         REF BY
           =====                   =======         ======
           __exit                  C6EC            Segment part 6 (?_exit)
                                                   _exit (?_exit)
               calls direct

    -------------------------------------------------------------------------
  LIBRARY MODULE, NAME : ?_exit

  SEGMENTS IN THE MODULE
  ======================
<CODE> 1 (was CODE)
  Relative segment, address: C72E, align: 1
  Segment part 0.
           ENTRY                   ADDRESS         REF BY
           =====                   =======         ======
           _exit                   C72E            exit (?exit)
    -------------------------------------------------------------------------
<CODE> 1 (was CODE)
  Relative segment, address: C72E - C731 (0x4 bytes), align: 1
  Segment part 6.             Intra module refs:   _exit

    -------------------------------------------------------------------------
  LIBRARY MODULE, NAME : ?cstart

  SEGMENTS IN THE MODULE
  ======================
CSTACK
  Relative segment, address: 4360, align: 1
  Segment part 1.
    -------------------------------------------------------------------------
DATA16_Z
  Relative segment, address: 2402, align: 1
  Segment part 2.
    -------------------------------------------------------------------------
CODE_I
  Relative segment, address: 2404, align: 1
  Segment part 5.
    -------------------------------------------------------------------------
CODE_ID
  Relative segment, address: C738, align: 1
  Segment part 6.
    -------------------------------------------------------------------------
DATA20_Z
  Relative segment, address: 2404, align: 1
  Segment part 7.
    -------------------------------------------------------------------------
DATA20_I
  Relative segment, address: 2404, align: 1
  Segment part 8.
    -------------------------------------------------------------------------
DATA20_ID
  Relative segment, address: C738, align: 1
  Segment part 9.
    -------------------------------------------------------------------------
DATA20_C
  Relative segment, address: C738, align: 1
  Segment part 10.
    -------------------------------------------------------------------------
DATA20_N
  Relative segment, address: 2404, align: 1
  Segment part 12.
    -------------------------------------------------------------------------
CSTART
  Relative segment, address: C148 - C14B (0x4 bytes), align: 1
  Segment part 15.
           ENTRY                   ADDRESS         REF BY
           =====                   =======         ======
           __program_start         C148            ?reset_vector (?reset_vector)
                                                   Absolute parts (?ABS_ENTRY_MOD)
           ?cstart_begin           C148 
    -------------------------------------------------------------------------
CSTART
  Relative segment, address: C14C - C157 (0xc bytes), align: 1
  Segment part 19.
           ENTRY                   ADDRESS         REF BY
           =====                   =======         ======
           ?cstart_init_zero       C14C            key_down_flag (key)
                                                   key_value (key)
    -------------------------------------------------------------------------
CSTART
  Relative segment, address: C158 - C15F (0x8 bytes), align: 1
  Segment part 26.            Intra module refs:   Segment part 15
           ENTRY                   ADDRESS         REF BY
           =====                   =======         ======
           ?cstart_call_main       C158 
           ?cstart_end             C160 
    -------------------------------------------------------------------------
CODE_ID
  Relative segment, address: C738, align: 1
  Segment part 27.            Intra module refs:   Segment part 5

    -------------------------------------------------------------------------
  LIBRARY MODULE, NAME : ?reset_vector

  SEGMENTS IN THE MODULE
  ======================
RESET
  Relative segment, address: FFFE - FFFF (0x2 bytes), align: 1
  Segment part 0.
           ENTRY                   ADDRESS         REF BY
           =====                   =======         ======
           ?reset_vector           FFFE            Segment part 15 (?cstart)

    -------------------------------------------------------------------------
  LIBRARY MODULE, NAME : ?exit

  SEGMENTS IN THE MODULE
  ======================
<CODE> 1 (was CODE)
  Relative segment, address: C732 - C735 (0x4 bytes), align: 1
  Segment part 2.
           ENTRY                   ADDRESS         REF BY
           =====                   =======         ======
           exit                    C732            Segment part 26 (?cstart)
               calls direct

    -------------------------------------------------------------------------
  LIBRARY MODULE, NAME : ?DivMod816u

  SEGMENTS IN THE MODULE
  ======================
<CODE> 1 (was CODE)
  Relative segment, address: C6A4 - C6A7 (0x4 bytes), align: 1
  Segment part 0.
           ENTRY                   ADDRESS         REF BY
           =====                   =======         ======
           ?DivMod8u               C6A4            LCD_ShowNum (IIC)
    -------------------------------------------------------------------------
<CODE> 1 (was CODE)
  Relative segment, address: C6A8 - C6BF (0x18 bytes), align: 1
  Segment part 1.             Intra module refs:   ?DivMod8u
           ENTRY                   ADDRESS         REF BY
           =====                   =======         ======
           ?DivMod16u              C6A8 

    -------------------------------------------------------------------------
  LIBRARY MODULE, NAME : ?DivMod32u

  SEGMENTS IN THE MODULE
  ======================
<CODE> 1 (was CODE)
  Relative segment, address: C5E6 - C615 (0x30 bytes), align: 1
  Segment part 0.
           ENTRY                   ADDRESS         REF BY
           =====                   =======         ======
           ?DivMod32u              C5E6            LCD_ShowNum (IIC)

    -------------------------------------------------------------------------
  LIBRARY MODULE, NAME : ?CopyMemoryBytes

  SEGMENTS IN THE MODULE
  ======================
<CODE> 1 (was CODE)
  Relative segment, address: C710 - C71F (0x10 bytes), align: 1
  Segment part 0.
           ENTRY                   ADDRESS         REF BY
           =====                   =======         ======
           ?CopyMemoryBytes        C710            LCD_Show_name (main)
                                                   LCD_Show_title (main)
                                                   LCD_Show_xh (main)

    -------------------------------------------------------------------------
  LIBRARY MODULE, NAME : ?memzero

  SEGMENTS IN THE MODULE
  ======================
<CODE> 1 (was CODE)
  Relative segment, address: C700 - C70F (0x10 bytes), align: 1
  Segment part 2.
           ENTRY                   ADDRESS         REF BY
           =====                   =======         ======
           __data16_memzero        C700            ?cstart_init_zero (?cstart)




                ****************************************
                *                                      *
                *      SEGMENTS IN ADDRESS ORDER       *
                *                                      *
                ****************************************


SEGMENT              SPACE    START ADDRESS   END ADDRESS     SIZE  TYPE  ALIGN
=======              =====    =============   ===========     ====  ====  =====
DATA16_AN                              015C - 015D               2   rel    0
                                       0200 - 0207               8 
                                       0224 - 0225               2 
                                       0242 - 0247               6 
DATA16_I                                  2400                       dse    0
DATA16_Z                               2400 - 2402               3   rel    1
DATA20_I                                  2404                       rel    1
DATA20_Z                                  2404                       rel    1
DATA20_N                                  2404                       rel    1
CODE_I                                    2404                       rel    1
CSTACK                                 4360 - 43FF              A0   rel    1
DATA16_C                               4400 - C147            7D48   rel    0
CSTART                                 C148 - C15F              18   rel    1
<CODE> 1                               C160 - C737             5D8   rel    1
DATA20_C                                  C738                       rel    1
DATA20_ID                                 C738                       rel    1
CODE_ID                                   C738                       rel    1
RESET                                  FFFE - FFFF               2   rel    1

                ****************************************
                *                                      *
                *        END OF CROSS REFERENCE        *
                *                                      *
                ****************************************

  1 522 bytes of CODE  memory
    163 bytes of DATA  memory (+ 18 absolute )
 32 072 bytes of CONST memory

Errors: none
Warnings: none

