C51 COMPILER V9.00   程序                                                                  12/16/2016 22:21:00 PAGE 1   


C51 COMPILER V9.00, COMPILATION OF MODULE 程序
OBJECT MODULE PLACED IN 程序.OBJ
COMPILER INVOKED BY: D:\KEIL4\C51\BIN\C51.EXE 程序.c DEBUG OBJECTEXTEND

line level    source

   1          #include <reg52.h>
   2          #include <intrins.h>     //                      包含头文件
   3          
   4          #define uint            unsigned int
   5          #define uchar           unsigned char
   6          #define ulong           unsigned long    //宏定义
   7          #define LCD_DATA        P0                               //定义P0口为LCD_DATA
   8          
   9          sbit LCD_RS =P2^5;
  10          sbit LCD_RW =P2^6;
  11          sbit LCD_E  =P2^7;                                               //定义LCD控制引脚
  12          
  13          sbit Xintiao =P1^0 ;                                     //脉搏检测输入端定义
  14          
  15          void delay5ms(void);   //误差 0us
  16          void LCD_WriteData(uchar LCD_1602_DATA);         /********LCD1602数据写入***********/
  17          void LCD_WriteCom(uchar LCD_1602_COM);           /********LCD1602命令写入***********/
  18          void lcd_1602_word(uchar Adress_Com,uchar Num_Adat,uchar *Adress_Data); /*1602字符显示函数，变量依次为字符
             -显示首地址，显示字符长度，所显示的字符*/
  19          void InitLcd();//液晶初始化函数
  20          
  21          void Tim_Init();
  22          
  23          uchar Xintiao_Change=0;    //
  24          uint  Xintiao_Jishu;
  25          uchar stop;
  26          uchar View_Data[3];
  27          
  28          uchar View_Change;
  29          
  30          void main()       //主函数
  31          {
  32   1       InitLcd();
  33   1       Tim_Init();
  34   1       lcd_1602_word(0x80,16,"Heart Rate:     ");       //初始化显示
  35   1       TR0=1;
  36   1       TR1=1;                           //打开定时器
  37   1       while(1)                         //进入循环
  38   1        {
  39   2         if(View_Change)//开始显示变量
  40   2          {
  41   3               View_Change=0;//变量清零
  42   3               if(stop==0)                      //心率正常时
  43   3                {
  44   4                 if(View_Data[0]==0x30) //最高位为0时不显示
  45   4                  View_Data[0]=' ';
  46   4                }
  47   3               else                                     //心率不正常（计数超过5000，也就是两次信号时间超过5s）不显示数据
  48   3                {
  49   4                 View_Data[0]=' ';
  50   4                 View_Data[1]=' ';
  51   4                 View_Data[2]=' ';
  52   4                }
  53   3              lcd_1602_word(0xcd,3,View_Data);                         //第二行显示心率
  54   3              }
C51 COMPILER V9.00   程序                                                                  12/16/2016 22:21:00 PAGE 2   

  55   2        }
  56   1      }
  57          
  58          void Time1() interrupt 3                //定时器1服务函数
  59          {
  60   1       static uchar Xintiao_Con;
  61   1       TH1=0xd8;                 //10ms
  62   1       TL1=0xf0;                 //重新赋初值
  63   1      
  64   1       switch (Xintiao_Con)
  65   1        {
  66   2         case 0:                       //默认Xintiao_Con是为0的
  67   2                {
  68   3                         if(!Xintiao)//每10ms（上面的定时器）检测一次脉搏是否有信号
  69   3                          {
  70   4                               Xintiao_Con++;//如果有信号，变量加一，程序就会往下走了
  71   4                              }
  72   3                         break;
  73   3                        }
  74   2         case 1:
  75   2                {
  76   3                         if(!Xintiao)    //每过10ms检测一下信号是否还存在
  77   3                          {
  78   4                               Xintiao_Con++;//存在就加一
  79   4                              }
  80   3                         else
  81   3                          {
  82   4                               Xintiao_Con=0;//如果不存在了，检测时间很短，说明检测到的不是脉搏信号，可能是其他干扰，将变量清零，跳出
             -此次检测
  83   4                              } 
  84   3                         break;
  85   3                        }
  86   2        case 2:
  87   2                {
  88   3                         if(!Xintiao)
  89   3                          {
  90   4                               Xintiao_Con++;//存在就加一
  91   4                              }
  92   3                         else
  93   3                          {
  94   4                               Xintiao_Con=0;//如果不存在了，检测时间很短，说明检测到的不是脉搏信号，可能是其他干扰，将变量清零，跳出
             -此次检测
  95   4                              } 
  96   3                         break;
  97   3                        }
  98   2        case 3:
  99   2                {
 100   3                         if(!Xintiao)
 101   3                          {
 102   4                               Xintiao_Con++;//存在就加一
 103   4                              }
 104   3                         else
 105   3                          {
 106   4                               Xintiao_Con=0;//如果不存在了，检测时间很短，说明检测到的不是脉搏信号，可能是其他干扰，将变量清零，跳出
             -此次检测
 107   4                              } 
 108   3                         break;
 109   3                        }
 110   2        case 4:
 111   2                {
 112   3                         if(Xintiao)//超过30ms一直有信号，判定此次是脉搏信号，执行以下程序
 113   3                          {
C51 COMPILER V9.00   程序                                                                  12/16/2016 22:21:00 PAGE 3   

 114   4                               if(Xintiao_Change==1)//心率计原理为检测两次脉冲间隔时间计算心率，变量Xintiao_Change第一次脉冲时为0的，
             -所有走下面的else，第二次走这里
 115   4                                {
 116   5                                 View_Data[0]=(60000/Xintiao_Jishu)/100+0x30;
 117   5                         View_Data[1]=(60000/Xintiao_Jishu)%100/10+0x30;
 118   5                         View_Data[2]=(60000/Xintiao_Jishu)%10+0x30;
 119   5      
 120   5      
 121   5                                 View_Change=1;          //计算出心率后启动显示
 122   5                                 Xintiao_Jishu=0;        //心跳计数清零
 123   5                                 Xintiao_Change=0;   //计算出心率后该变量清零，准备下次检测心率
 124   5                                 stop=0;                         //计算出心率后stop清零
 125   5                                }
 126   4                               else//第一次脉冲时Xintiao_Change为0
 127   4                                {
 128   5                                 Xintiao_Jishu=0;     //脉冲计时变量清零，开始计时
 129   5                                 Xintiao_Change=1;//Xintiao_Change置1，准备第二次检测到脉冲时计算心率
 130   5                                }
 131   4                               Xintiao_Con=0; //清零，准备检测下一次脉冲
 132   4                               break;
 133   4                              }
 134   3                        }
 135   2        }
 136   1      }
 137          /**定时器T0工作函数**/
 138          void Time0() interrupt 1
 139          {
 140   1       TH0=0xfc;                 //1ms
 141   1       TL0=0x18;                 //重新赋初值
 142   1       Xintiao_Jishu++;  //心跳计数加
 143   1       if(Xintiao_Jishu==5000)//心跳计数大于5000
 144   1        {
 145   2         Xintiao_Jishu=0;             //数据清零
 146   2         View_Change=1;               //显示位置1
 147   2         Xintiao_Change=0;    //置零，准备再次检测
 148   2         stop=1;         //心跳计数超过5000后说明心率不正常或者没有测出，stop置1
 149   2        }
 150   1      }
 151          /**定时器初始化函数**/
 152          void Tim_Init()
 153          {
 154   1       EA=1;                    //打开中断总开关
 155   1       ET0=1;                   //打开T0中断允许开关
 156   1       ET1=1;                   //打开T1中断允许开关
 157   1       TMOD=0x11;               //设定定时器状态
 158   1       TH0=0xfc;                 //1ms
 159   1       TL0=0x18;                 //赋初值
 160   1       
 161   1       TH1=0xd8;                 //10ms
 162   1       TL1=0xf0;                 //赋初值
 163   1      }
 164          /**在指定地址显示指定数量的指定字符**/
 165          /**Adress_Com显示地址，Num_Adat显示字符数量，Adress_Data显示字符串内容**/ 
 166          void lcd_1602_word(uchar Adress_Com,uchar Num_Adat,uchar *Adress_Data)
 167          {
 168   1       uchar a=0;
 169   1       uchar Data_Word;
 170   1       LCD_WriteCom(Adress_Com); //选中地址
 171   1       for(a=0;a<Num_Adat;a++)   //for循环决定显示字符个数
 172   1        {
 173   2         Data_Word=*Adress_Data;        //读取字符串数据
 174   2         LCD_WriteData(Data_Word);  //显示字符串
C51 COMPILER V9.00   程序                                                                  12/16/2016 22:21:00 PAGE 4   

 175   2         Adress_Data++;                         //显示地址加一
 176   2        }
 177   1      }
 178          
 179          /***************1602函数*******************/
 180          void LCD_WriteData(uchar LCD_1602_DATA)  /********LCD1602数据写入***********/
 181          {
 182   1       delay5ms();  //操作前短暂延时，保证信号稳定
 183   1       LCD_E=0;
 184   1       LCD_RS=1;
 185   1       LCD_RW=0;
 186   1       _nop_();
 187   1       LCD_E=1;
 188   1       LCD_DATA=LCD_1602_DATA;
 189   1       LCD_E=0;
 190   1       LCD_RS=0;
 191   1      }
 192          
 193          /********LCD1602命令写入***********/
 194          void LCD_WriteCom(uchar LCD_1602_COM)
 195          {
 196   1       delay5ms();//操作前短暂延时，保证信号稳定
 197   1       LCD_E=0;
 198   1       LCD_RS=0;
 199   1       LCD_RW=0;
 200   1       _nop_();
 201   1       LCD_E=1;
 202   1       LCD_DATA=LCD_1602_COM;
 203   1       LCD_E=0;
 204   1       LCD_RS=0;
 205   1      }
 206          
 207          
 208          void InitLcd()             //初始化液晶函数
 209          {
 210   1       delay5ms();
 211   1       delay5ms();
 212   1       LCD_WriteCom(0x38); //display mode
 213   1       LCD_WriteCom(0x38); //display mode
 214   1       LCD_WriteCom(0x38); //display mode
 215   1       LCD_WriteCom(0x06); //显示光标移动位置
 216   1       LCD_WriteCom(0x0c); //显示开及光标设置
 217   1       LCD_WriteCom(0x01); //显示清屏
 218   1       delay5ms();
 219   1       delay5ms();
 220   1      }
 221          
 222          void delay5ms(void)   //5ms延时函数
 223          {
 224   1          unsigned char a,b;
 225   1          for(b=185;b>0;b--)
 226   1              for(a=12;a>0;a--);
 227   1      }


MODULE INFORMATION:   STATIC OVERLAYABLE
   CODE SIZE        =    572    ----
   CONSTANT SIZE    =     17    ----
   XDATA SIZE       =   ----    ----
   PDATA SIZE       =   ----    ----
   DATA SIZE        =      9       8
   IDATA SIZE       =   ----    ----
C51 COMPILER V9.00   程序                                                                  12/16/2016 22:21:00 PAGE 5   

   BIT SIZE         =   ----    ----
END OF MODULE INFORMATION.


C51 COMPILATION COMPLETE.  0 WARNING(S),  0 ERROR(S)
