Error[e46]: Undefined external "IOInit" referred in main ( D:\Users\zzh\Downloads\实验一参考代码\实验一\Debug\Obj\main.r43 )
################################################################################
#                                                                              #
#      IAR Universal Linker V6.4.6.89                                          #
#                                                                              #
#           Link time     =  17/May/2020  23:05:50                             #
#           Target CPU    =  MSP430                                            #
#           List file     =  D:\Users\zzh\Downloads\实验一参考代码\实验一\Debu #
#                            g\List\project1_disp.map                          #
#           Output file 1 =  D:\Users\zzh\Downloads\实验一参考代码\实验一\Debu #
#                            g\Exe\project1_disp.d43                           #
#                            Format: ubrof10                                   #
#                            UBROF version 10.0.6                              #
#                            Using library modules for C-SPY (-rt)             #
#           Command line  =  -f C:\Users\zzh\AppData\Local\Temp\EW61D6.tmp     #
#                            (D:\Users\zzh\Downloads\实验一参考代码\实验一\Deb #
#                            ug\Obj\IIC.r43                                    #
#                            D:\Users\zzh\Downloads\实验一参考代码\实验一\Debu #
#                            g\Obj\key.r43                                     #
#                            D:\Users\zzh\Downloads\实验一参考代码\实验一\Debu #
#                            g\Obj\main.r43                                    #
#                            -o                                                #
#                            D:\Users\zzh\Downloads\实验一参考代码\实验一\Debu #
#                            g\Exe\project1_disp.d43                           #
#                            -l                                                #
#                            D:\Users\zzh\Downloads\实验一参考代码\实验一\Debu #
#                            g\List\project1_disp.map                          #
#                            -xms -ID:\IAR\430\LIB\ -f                         #
#                            D:\IAR\430\config\linker\lnk430f5529.xcl          #
#                            (-cmsp430 -D?CPU30_OFFSET=2 -QCODE_I=CODE_ID      #
#                            -QTLS16_I=TLS16_ID -D__iar_HWMUL=4C0              #
#                            -Z(CONST)INFO=1800-19FF                           #
#                            -Z(CONST)INFOA=1980-19FF                          #
#                            -Z(CONST)INFOB=1900-197F                          #
#                            -Z(CONST)INFOC=1880-18FF                          #
#                            -Z(CONST)INFOD=1800-187F                          #
#                            -Z(DATA)USBRAM=1C00-23FF                          #
#                            -Z(DATA)DATA16_I,DATA16_Z,DATA16_N,TLS16_I=2400-4 #
#                            3FF                                               #
#                            -Z(DATA)DATA16_HEAP+_DATA16_HEAP_SIZE             #
#                            -Z(DATA)CODE_I                                    #
#                            -Z(DATA)DATA20_I,DATA20_Z,DATA20_N,DATA20_HEAP+_D #
#                            ATA20_HEAP_SIZE                                   #
#                            -Z(DATA)CSTACK+_STACK_SIZE#                       #
#                            -Z(CONST)DATA16_C,DATA16_ID,TLS16_ID,DIFUNCT,CHEC #
#                            KSUM=4400-FF7F                                    #
#                            -Z(CODE)CSTART,ISR_CODE,CODE16=4400-FF7F          #
#                            -P(CODE)CODE=4400-FF7F,10000-243FF                #
#                            -Z(CONST)DATA20_C,DATA20_ID,CODE_ID=4400-FF7F,100 #
#                            40-243FF                                          #
#                            -Z(CODE)INTVEC=FF80-FFFF                          #
#                            -Z(CODE)RESET=FFFE-FFFF) -f                       #
#                            D:\IAR\430\config\linker\multiplier32.xcl         #
#                            (-e?Mul8Hw=?Mul8 -e?Mul16Hw=?Mul16                #
#                            -e?Mul16to32uHw=?Mul16to32u                       #
#                            -e?Mul16to32sHw=?Mul16to32s -e?Mul32Hw32=?Mul32   #
#                            -e?Mul64Hw32=_Mul64i                              #
#                            -e?Mul32u32uto64iHw32=_Mul32u32uto64i             #
#                            -e?Mul32fHw32=_Mul32f                             #
#                            -e_Mul64fHw32Ptr=_Mul64fPtr) -D_STACK_SIZE=A0     #
#                            -rt D:\IAR\430\lib\dlib\dl430xlsfn.r43            #
#                            -D_DATA16_HEAP_SIZE=A0 -s __program_start         #
#                            -D_DATA20_HEAP_SIZE=50)                           #
#                                                                              #
#                           Copyright (C) 1987-2016 IAR Systems AB.            #
################################################################################





                ****************************************
                *                                      *
                *           CROSS REFERENCE            *
                *                                      *
                ****************************************

       Program entry at :           4C18  Relocatable, from module : ?cstart




                ****************************************
                *                                      *
                *            RUNTIME MODEL             *
                *                                      *
                ****************************************

  __Heap_Handler             = Basic
  __SystemLibrary            = DLib
  __code_model               = large
  __core                     = 430X
  __data_model               = small
  __dlib_file_descriptor     = 0
  __dlib_full_locale_support = 0
  __double_size              = 32
  __pic                      = no
  __reg_r4                   = free
  __reg_r5                   = free
  __rt_version               = 3

                ****************************************
                *                                      *
                *    AUTOMATIC SYMBOL REDIRECTIONS     *
                *                                      *
                ****************************************

                  There are no automatic symbol redirections.



                ****************************************
                *                                      *
                *              MODULE MAP              *
                *                                      *
                ****************************************


  DEFINED ABSOLUTE ENTRIES
    *************************************************************************

  DEFINED ABSOLUTE ENTRIES
  PROGRAM MODULE, NAME : ?ABS_ENTRY_MOD

Absolute parts
           ENTRY                   ADDRESS         REF BY
           =====                   =======         ======
           _DATA20_HEAP_SIZE       0050 
           _DATA16_HEAP_SIZE       00A0 
           _STACK_SIZE             00A0 
           __iar_HWMUL             04C0            LCD_ShowNum (IIC)
                                                   oled_pow (IIC)
           ?CPU30_OFFSET           0002 
    *************************************************************************

  FILE NAME : D:\Users\zzh\Downloads\实验一参考代码\实验一\Debug\Obj\IIC.r43
  PROGRAM MODULE, NAME : IIC

  SEGMENTS IN THE MODULE
  ======================
DATA16_AN
  Relative segment, address: 0242 - 0243 (0x2 bytes), align: 0
  Segment part 1. ROOT        Intra module refs:   IIC_start
                                                   IIC_stop
                                                   IIC_writebyte
           ENTRY                   ADDRESS         REF BY
           =====                   =======         ======
           _A_PCOUT_L              0242 
           LOCAL                   ADDRESS         
           =====                   =======         
           PCOUT                   0242 
           PCOUT_H                 0243 
           PCOUT_L                 0242 
    -------------------------------------------------------------------------
DATA16_AN
  Relative segment, address: 0244 - 0245 (0x2 bytes), align: 0
  Segment part 2. ROOT        Intra module refs:   IIC_ioinit
           ENTRY                   ADDRESS         REF BY
           =====                   =======         ======
           _A_PCDIR_L              0244 
           LOCAL                   ADDRESS         
           =====                   =======         
           PCDIR                   0244 
           PCDIR_H                 0245 
           PCDIR_L                 0244 
    -------------------------------------------------------------------------
DATA16_AN
  Relative segment, address: 0246 - 0247 (0x2 bytes), align: 0
  Segment part 3. ROOT        Intra module refs:   IIC_ioinit
           ENTRY                   ADDRESS         REF BY
           =====                   =======         ======
           _A_PCREN_L              0246 
           LOCAL                   ADDRESS         
           =====                   =======         
           PCREN                   0246 
           PCREN_H                 0247 
           PCREN_L                 0246 
    -------------------------------------------------------------------------
DATA16_C
  Relative segment, address: 4400 - 4627 (0x228 bytes), align: 0
  Segment part 5.             Intra module refs:   LCD_ShowChar
           ENTRY                   ADDRESS         REF BY
           =====                   =======         ======
           F6x8                    4400 
    -------------------------------------------------------------------------
DATA16_C
  Relative segment, address: 4628 - 4C17 (0x5f0 bytes), align: 0
  Segment part 6.             Intra module refs:   LCD_ShowChar
           ENTRY                   ADDRESS         REF BY
           =====                   =======         ======
           F8X16                   4628 
    -------------------------------------------------------------------------
<CODE> 1 (was CODE)
  Relative segment, address: 50B4 - 50C1 (0xe bytes), align: 1
  Segment part 11.            Intra module refs:   LCD_Init
           ENTRY                   ADDRESS         REF BY
           =====                   =======         ======
           IIC_ioinit              50B4 
    -------------------------------------------------------------------------
<CODE> 1 (was CODE)
  Relative segment, address: 507A - 508F (0x16 bytes), align: 1
  Segment part 12.            Intra module refs:   IIC_writecmd
                                                   IIC_writedata
           ENTRY                   ADDRESS         REF BY
           =====                   =======         ======
           IIC_start               507A 
    -------------------------------------------------------------------------
<CODE> 1 (was CODE)
  Relative segment, address: 5064 - 5079 (0x16 bytes), align: 1
  Segment part 13.            Intra module refs:   IIC_writecmd
                                                   IIC_writedata
           ENTRY                   ADDRESS         REF BY
           =====                   =======         ======
           IIC_stop                5064 
    -------------------------------------------------------------------------
<CODE> 1 (was CODE)
  Relative segment, address: 4F78 - 4FAD (0x36 bytes), align: 1
  Segment part 14.            Intra module refs:   IIC_writecmd
                                                   IIC_writedata
           ENTRY                   ADDRESS         REF BY
           =====                   =======         ======
           IIC_writebyte           4F78 
    -------------------------------------------------------------------------
<CODE> 1 (was CODE)
  Relative segment, address: 502A - 5047 (0x1e bytes), align: 1
  Segment part 15.            Intra module refs:   LCD_CLS
                                                   LCD_Init
                                                   LCD_Set_Pos
           ENTRY                   ADDRESS         REF BY
           =====                   =======         ======
           IIC_writecmd            502A 
               calls direct
    -------------------------------------------------------------------------
<CODE> 1 (was CODE)
  Relative segment, address: 500A - 5029 (0x20 bytes), align: 1
  Segment part 16.            Intra module refs:   LCD_CLS
                                                   LCD_ShowChar
           ENTRY                   ADDRESS         REF BY
           =====                   =======         ======
           IIC_writedata           500A 
               calls direct
    -------------------------------------------------------------------------
<CODE> 1 (was CODE)
  Relative segment, address: 4FDE - 5009 (0x2c bytes), align: 1
  Segment part 18.            Intra module refs:   LCD_Init
                                                   LCD_ShowChar
           ENTRY                   ADDRESS         REF BY
           =====                   =======         ======
           LCD_Set_Pos             4FDE 
               calls direct
    -------------------------------------------------------------------------
<CODE> 1 (was CODE)
  Relative segment, address: 4F3E - 4F77 (0x3a bytes), align: 1
  Segment part 20.            Intra module refs:   LCD_Init
           ENTRY                   ADDRESS         REF BY
           =====                   =======         ======
           LCD_CLS                 4F3E 
               calls direct
    -------------------------------------------------------------------------
<CODE> 1 (was CODE)
  Relative segment, address: 4C30 - 4D0D (0xde bytes), align: 1
  Segment part 21.
           ENTRY                   ADDRESS         REF BY
           =====                   =======         ======
           LCD_Init                4C30            main (main)
               calls direct
    -------------------------------------------------------------------------
<CODE> 1 (was CODE)
  Relative segment, address: 4DA2 - 4E33 (0x92 bytes), align: 1
  Segment part 22.            Intra module refs:   LCD_ShowNum
           ENTRY                   ADDRESS         REF BY
           =====                   =======         ======
           LCD_ShowChar            4DA2 
               calls direct
    -------------------------------------------------------------------------
<CODE> 1 (was CODE)
  Relative segment, address: 4F04 - 4F3D (0x3a bytes), align: 1
  Segment part 24.            Intra module refs:   LCD_ShowNum
           ENTRY                   ADDRESS         REF BY
           =====                   =======         ======
           oled_pow                4F04 
    -------------------------------------------------------------------------
<CODE> 1 (was CODE)
  Relative segment, address: 4E34 - 4EB9 (0x86 bytes), align: 1
  Segment part 25.
           ENTRY                   ADDRESS         REF BY
           =====                   =======         ======
           LCD_ShowNum             4E34            main (main)
               calls direct

    *************************************************************************

  FILE NAME : D:\Users\zzh\Downloads\实验一参考代码\实验一\Debug\Obj\key.r43
  PROGRAM MODULE, NAME : key

  SEGMENTS IN THE MODULE
  ======================
DATA16_AN
  Relative segment, address: 0200 - 0201 (0x2 bytes), align: 0
  Segment part 1. ROOT        Intra module refs:   KeyScan
           ENTRY                   ADDRESS         REF BY
           =====                   =======         ======
           _A_PAIN_L               0200 
           LOCAL                   ADDRESS         
           =====                   =======         
           PAIN                    0200 
           PAIN_H                  0201 
           PAIN_L                  0200 
    -------------------------------------------------------------------------
DATA16_Z
  Relative segment, address: 2402 - 2402 (0x1 bytes), align: 0
  Segment part 3.             Intra module refs:   KeyScan
           LOCAL                   ADDRESS         
           =====                   =======         
           key_value               2402 
    -------------------------------------------------------------------------
DATA16_Z
  Relative segment, address: 2400 - 2401 (0x2 bytes), align: 1
  Segment part 4.             Intra module refs:   KeyScan
           LOCAL                   ADDRESS         
           =====                   =======         
           key_down_flag           2400 
    -------------------------------------------------------------------------
<CODE> 1 (was CODE)
  Relative segment, address: 4EBA - 4F03 (0x4a bytes), align: 1
  Segment part 5.
           ENTRY                   ADDRESS         REF BY
           =====                   =======         ======
           KeyScan                 4EBA            main (main)

    *************************************************************************

  FILE NAME : D:\Users\zzh\Downloads\实验一参考代码\实验一\Debug\Obj\main.r43
  PROGRAM MODULE, NAME : main

  SEGMENTS IN THE MODULE
  ======================
DATA16_AN
  Relative segment, address: 0202 - 0203 (0x2 bytes), align: 0
  Segment part 1. ROOT        Intra module refs:   main
           ENTRY                   ADDRESS         REF BY
           =====                   =======         ======
           _A_PAOUT_L              0202 
           LOCAL                   ADDRESS         
           =====                   =======         
           PAOUT                   0202 
           PAOUT_H                 0203 
           PAOUT_L                 0202 
    -------------------------------------------------------------------------
DATA16_AN
  Relative segment, address: 0204 - 0205 (0x2 bytes), align: 0
  Segment part 2. ROOT        Intra module refs:   main
           ENTRY                   ADDRESS         REF BY
           =====                   =======         ======
           _A_PADIR_L              0204 
           LOCAL                   ADDRESS         
           =====                   =======         
           PADIR                   0204 
           PADIR_H                 0205 
           PADIR_L                 0204 
    -------------------------------------------------------------------------
DATA16_AN
  Relative segment, address: 0206 - 0207 (0x2 bytes), align: 0
  Segment part 3. ROOT        Intra module refs:   main
           ENTRY                   ADDRESS         REF BY
           =====                   =======         ======
           _A_PAREN_L              0206 
           LOCAL                   ADDRESS         
           =====                   =======         
           PAREN                   0206 
           PAREN_H                 0207 
           PAREN_L                 0206 
    -------------------------------------------------------------------------
DATA16_AN
  Relative segment, address: 0224 - 0225 (0x2 bytes), align: 0
  Segment part 4. ROOT        Intra module refs:   main
           ENTRY                   ADDRESS         REF BY
           =====                   =======         ======
           _A_PBDIR_L              0224 
           LOCAL                   ADDRESS         
           =====                   =======         
           PBDIR                   0224 
           PBDIR_H                 0225 
           PBDIR_L                 0224 
    -------------------------------------------------------------------------
DATA16_AN
  Relative segment, address: 015C - 015D (0x2 bytes), align: 0
  Segment part 5. ROOT        Intra module refs:   main
           ENTRY                   ADDRESS         REF BY
           =====                   =======         ======
           _A_WDTCTL_L             015C 
           LOCAL                   ADDRESS         
           =====                   =======         
           WDTCTL                  015C 
           WDTCTL_H                015D 
           WDTCTL_L                015C 
    -------------------------------------------------------------------------
<CODE> 1 (was CODE)
  Relative segment, address: 4D0E - 4DA1 (0x94 bytes), align: 1
  Segment part 7.
           ENTRY                   ADDRESS         REF BY
           =====                   =======         ======
           main                    4D0E            Segment part 26 (?cstart)
               calls direct

    *************************************************************************

  FILE NAME : D:\IAR\430\lib\dlib\dl430xlsfn.r43
  LIBRARY MODULE, NAME : ?__dbg_break

  SEGMENTS IN THE MODULE
  ======================
<CODE> 1 (was CODE)
  Relative segment, address: 50CA - 50CB (0x2 bytes), align: 1
  Segment part 2.
           ENTRY                   ADDRESS         REF BY
           =====                   =======         ======
           __DebugBreak            50CA            __exit (?__exit)

    -------------------------------------------------------------------------
  LIBRARY MODULE, NAME : ?__exit

  SEGMENTS IN THE MODULE
  ======================
<CODE> 1 (was CODE)
  Relative segment, address: 5090 - 50A3 (0x14 bytes), align: 1
  Segment part 2.
           ENTRY                   ADDRESS         REF BY
           =====                   =======         ======
           __exit                  5090            Segment part 6 (?_exit)
                                                   _exit (?_exit)
               calls direct

    -------------------------------------------------------------------------
  LIBRARY MODULE, NAME : ?_exit

  SEGMENTS IN THE MODULE
  ======================
<CODE> 1 (was CODE)
  Relative segment, address: 50C2, align: 1
  Segment part 0.
           ENTRY                   ADDRESS         REF BY
           =====                   =======         ======
           _exit                   50C2            exit (?exit)
    -------------------------------------------------------------------------
<CODE> 1 (was CODE)
  Relative segment, address: 50C2 - 50C5 (0x4 bytes), align: 1
  Segment part 6.             Intra module refs:   _exit

    -------------------------------------------------------------------------
  LIBRARY MODULE, NAME : ?cstart

  SEGMENTS IN THE MODULE
  ======================
CSTACK
  Relative segment, address: 4360, align: 1
  Segment part 1.
    -------------------------------------------------------------------------
DATA16_Z
  Relative segment, address: 2402, align: 1
  Segment part 2.
    -------------------------------------------------------------------------
CODE_I
  Relative segment, address: 2404, align: 1
  Segment part 5.
    -------------------------------------------------------------------------
CODE_ID
  Relative segment, address: 50CC, align: 1
  Segment part 6.
    -------------------------------------------------------------------------
DATA20_Z
  Relative segment, address: 2404, align: 1
  Segment part 7.
    -------------------------------------------------------------------------
DATA20_I
  Relative segment, address: 2404, align: 1
  Segment part 8.
    -------------------------------------------------------------------------
DATA20_ID
  Relative segment, address: 50CC, align: 1
  Segment part 9.
    -------------------------------------------------------------------------
DATA20_C
  Relative segment, address: 50CC, align: 1
  Segment part 10.
    -------------------------------------------------------------------------
DATA20_N
  Relative segment, address: 2404, align: 1
  Segment part 12.
    -------------------------------------------------------------------------
CSTART
  Relative segment, address: 4C18 - 4C1B (0x4 bytes), align: 1
  Segment part 15.
           ENTRY                   ADDRESS         REF BY
           =====                   =======         ======
           __program_start         4C18            ?reset_vector (?reset_vector)
                                                   Absolute parts (?ABS_ENTRY_MOD)
           ?cstart_begin           4C18 
    -------------------------------------------------------------------------
CSTART
  Relative segment, address: 4C1C - 4C27 (0xc bytes), align: 1
  Segment part 19.
           ENTRY                   ADDRESS         REF BY
           =====                   =======         ======
           ?cstart_init_zero       4C1C            key_down_flag (key)
                                                   key_value (key)
    -------------------------------------------------------------------------
CSTART
  Relative segment, address: 4C28 - 4C2F (0x8 bytes), align: 1
  Segment part 26.            Intra module refs:   Segment part 15
           ENTRY                   ADDRESS         REF BY
           =====                   =======         ======
           ?cstart_call_main       4C28 
           ?cstart_end             4C30 
    -------------------------------------------------------------------------
CODE_ID
  Relative segment, address: 50CC, align: 1
  Segment part 27.            Intra module refs:   Segment part 5

    -------------------------------------------------------------------------
  LIBRARY MODULE, NAME : ?reset_vector

  SEGMENTS IN THE MODULE
  ======================
RESET
  Relative segment, address: FFFE - FFFF (0x2 bytes), align: 1
  Segment part 0.
           ENTRY                   ADDRESS         REF BY
           =====                   =======         ======
           ?reset_vector           FFFE            Segment part 15 (?cstart)

    -------------------------------------------------------------------------
  LIBRARY MODULE, NAME : ?exit

  SEGMENTS IN THE MODULE
  ======================
<CODE> 1 (was CODE)
  Relative segment, address: 50C6 - 50C9 (0x4 bytes), align: 1
  Segment part 2.
           ENTRY                   ADDRESS         REF BY
           =====                   =======         ======
           exit                    50C6            Segment part 26 (?cstart)
               calls direct

    -------------------------------------------------------------------------
  LIBRARY MODULE, NAME : ?DivMod816u

  SEGMENTS IN THE MODULE
  ======================
<CODE> 1 (was CODE)
  Relative segment, address: 5048 - 504B (0x4 bytes), align: 1
  Segment part 0.
           ENTRY                   ADDRESS         REF BY
           =====                   =======         ======
           ?DivMod8u               5048            LCD_ShowNum (IIC)
    -------------------------------------------------------------------------
<CODE> 1 (was CODE)
  Relative segment, address: 504C - 5063 (0x18 bytes), align: 1
  Segment part 1.             Intra module refs:   ?DivMod8u
           ENTRY                   ADDRESS         REF BY
           =====                   =======         ======
           ?DivMod16u              504C 

    -------------------------------------------------------------------------
  LIBRARY MODULE, NAME : ?DivMod32u

  SEGMENTS IN THE MODULE
  ======================
<CODE> 1 (was CODE)
  Relative segment, address: 4FAE - 4FDD (0x30 bytes), align: 1
  Segment part 0.
           ENTRY                   ADDRESS         REF BY
           =====                   =======         ======
           ?DivMod32u              4FAE            LCD_ShowNum (IIC)

    -------------------------------------------------------------------------
  LIBRARY MODULE, NAME : ?memzero

  SEGMENTS IN THE MODULE
  ======================
<CODE> 1 (was CODE)
  Relative segment, address: 50A4 - 50B3 (0x10 bytes), align: 1
  Segment part 2.
           ENTRY                   ADDRESS         REF BY
           =====                   =======         ======
           __data16_memzero        50A4            ?cstart_init_zero (?cstart)




                ****************************************
                *                                      *
                *      SEGMENTS IN ADDRESS ORDER       *
                *                                      *
                ****************************************


SEGMENT              SPACE    START ADDRESS   END ADDRESS     SIZE  TYPE  ALIGN
=======              =====    =============   ===========     ====  ====  =====
DATA16_AN                              015C - 015D               2   rel    0
                                       0200 - 0207               8 
                                       0224 - 0225               2 
                                       0242 - 0247               6 
DATA16_I                                  2400                       dse    0
DATA16_Z                               2400 - 2402               3   rel    1
DATA20_I                                  2404                       rel    1
DATA20_Z                                  2404                       rel    1
DATA20_N                                  2404                       rel    1
CODE_I                                    2404                       rel    1
CSTACK                                 4360 - 43FF              A0   rel    1
DATA16_C                               4400 - 4C17             818   rel    0
CSTART                                 4C18 - 4C2F              18   rel    1
<CODE> 1                               4C30 - 50CB             49C   rel    1
DATA20_C                                  50CC                       rel    1
DATA20_ID                                 50CC                       rel    1
CODE_ID                                   50CC                       rel    1
RESET                                  FFFE - FFFF               2   rel    1

                ****************************************
                *                                      *
                *        END OF CROSS REFERENCE        *
                *                                      *
                ****************************************

 1 206 bytes of CODE  memory
   163 bytes of DATA  memory (+ 18 absolute )
 2 072 bytes of CONST memory

Errors: 1
Warnings: none

